// Jest Snapshot v1, https://goo.gl/fbAQLP

exports[`Renders Profile should render Profile correctly 1`] = `
Object {
  "asFragment": [Function],
  "baseElement": <body>
    <div>
      <div
        style="display: flex; justify-content: center; padding-top: 50px;"
      >
        <h3
          class="MuiTypography-root MuiTypography-h3"
        >
          <div
            class="form-control"
          >
            <p
              class="MuiTypography-root makeStyles-label-1 undefined MuiTypography-body1"
            >
              User Email
               
              *
            </p>
            <div
              class="MuiFormControl-root MuiTextField-root"
            >
              <div
                class="MuiInputBase-root MuiInput-root MuiInput-underline Mui-disabled Mui-disabled MuiInputBase-formControl MuiInput-formControl MuiInputBase-marginDense MuiInput-marginDense"
              >
                <input
                  aria-invalid="false"
                  class="MuiInputBase-input MuiInput-input Mui-disabled Mui-disabled MuiInputBase-inputMarginDense MuiInput-inputMarginDense"
                  disabled=""
                  name="userEmail"
                  required=""
                  type="text"
                  value=""
                />
              </div>
            </div>
          </div>
          <div
            class="form-control"
          >
            <p
              class="MuiTypography-root makeStyles-label-1 undefined MuiTypography-body1"
            >
              First Name
               
              *
            </p>
            <div
              class="MuiFormControl-root MuiTextField-root"
            >
              <div
                class="MuiInputBase-root MuiInput-root MuiInput-underline MuiInputBase-formControl MuiInput-formControl MuiInputBase-marginDense MuiInput-marginDense"
              >
                <input
                  aria-invalid="false"
                  class="MuiInputBase-input MuiInput-input MuiInputBase-inputMarginDense MuiInput-inputMarginDense"
                  name="first-name"
                  required=""
                  type="text"
                  value=""
                />
              </div>
            </div>
          </div>
          <div
            class="form-control"
          >
            <p
              class="MuiTypography-root makeStyles-label-1 undefined MuiTypography-body1"
            >
              Last Name
               
              *
            </p>
            <div
              class="MuiFormControl-root MuiTextField-root"
            >
              <div
                class="MuiInputBase-root MuiInput-root MuiInput-underline MuiInputBase-formControl MuiInput-formControl MuiInputBase-marginDense MuiInput-marginDense"
              >
                <input
                  aria-invalid="false"
                  class="MuiInputBase-input MuiInput-input MuiInputBase-inputMarginDense MuiInput-inputMarginDense"
                  name="last-name"
                  required=""
                  type="text"
                  value=""
                />
              </div>
            </div>
          </div>
          <div
            style="display: flex; justify-content: center; padding: 20px; margin: 20px;"
          >
            <button
              class="MuiButtonBase-root MuiButton-root makeStyles-root-5 MuiButton-contained MuiButton-containedPrimary MuiButton-containedSizeSmall MuiButton-sizeSmall Mui-disabled Mui-disabled"
              disabled=""
              tabindex="-1"
              type="button"
            >
              <span
                class="MuiButton-label makeStyles-label-6"
              >
                
                Update
              </span>
            </button>
          </div>
        </h3>
      </div>
    </div>
  </body>,
  "container": <div>
    <div
      style="display: flex; justify-content: center; padding-top: 50px;"
    >
      <h3
        class="MuiTypography-root MuiTypography-h3"
      >
        <div
          class="form-control"
        >
          <p
            class="MuiTypography-root makeStyles-label-1 undefined MuiTypography-body1"
          >
            User Email
             
            *
          </p>
          <div
            class="MuiFormControl-root MuiTextField-root"
          >
            <div
              class="MuiInputBase-root MuiInput-root MuiInput-underline Mui-disabled Mui-disabled MuiInputBase-formControl MuiInput-formControl MuiInputBase-marginDense MuiInput-marginDense"
            >
              <input
                aria-invalid="false"
                class="MuiInputBase-input MuiInput-input Mui-disabled Mui-disabled MuiInputBase-inputMarginDense MuiInput-inputMarginDense"
                disabled=""
                name="userEmail"
                required=""
                type="text"
                value=""
              />
            </div>
          </div>
        </div>
        <div
          class="form-control"
        >
          <p
            class="MuiTypography-root makeStyles-label-1 undefined MuiTypography-body1"
          >
            First Name
             
            *
          </p>
          <div
            class="MuiFormControl-root MuiTextField-root"
          >
            <div
              class="MuiInputBase-root MuiInput-root MuiInput-underline MuiInputBase-formControl MuiInput-formControl MuiInputBase-marginDense MuiInput-marginDense"
            >
              <input
                aria-invalid="false"
                class="MuiInputBase-input MuiInput-input MuiInputBase-inputMarginDense MuiInput-inputMarginDense"
                name="first-name"
                required=""
                type="text"
                value=""
              />
            </div>
          </div>
        </div>
        <div
          class="form-control"
        >
          <p
            class="MuiTypography-root makeStyles-label-1 undefined MuiTypography-body1"
          >
            Last Name
             
            *
          </p>
          <div
            class="MuiFormControl-root MuiTextField-root"
          >
            <div
              class="MuiInputBase-root MuiInput-root MuiInput-underline MuiInputBase-formControl MuiInput-formControl MuiInputBase-marginDense MuiInput-marginDense"
            >
              <input
                aria-invalid="false"
                class="MuiInputBase-input MuiInput-input MuiInputBase-inputMarginDense MuiInput-inputMarginDense"
                name="last-name"
                required=""
                type="text"
                value=""
              />
            </div>
          </div>
        </div>
        <div
          style="display: flex; justify-content: center; padding: 20px; margin: 20px;"
        >
          <button
            class="MuiButtonBase-root MuiButton-root makeStyles-root-5 MuiButton-contained MuiButton-containedPrimary MuiButton-containedSizeSmall MuiButton-sizeSmall Mui-disabled Mui-disabled"
            disabled=""
            tabindex="-1"
            type="button"
          >
            <span
              class="MuiButton-label makeStyles-label-6"
            >
              
              Update
            </span>
          </button>
        </div>
      </h3>
    </div>
  </div>,
  "debug": [Function],
  "findAllByAltText": [Function],
  "findAllByDisplayValue": [Function],
  "findAllByLabelText": [Function],
  "findAllByPlaceholderText": [Function],
  "findAllByRole": [Function],
  "findAllByTestId": [Function],
  "findAllByText": [Function],
  "findAllByTitle": [Function],
  "findByAltText": [Function],
  "findByDisplayValue": [Function],
  "findByLabelText": [Function],
  "findByPlaceholderText": [Function],
  "findByRole": [Function],
  "findByTestId": [Function],
  "findByText": [Function],
  "findByTitle": [Function],
  "getAllByAltText": [Function],
  "getAllByDisplayValue": [Function],
  "getAllByLabelText": [Function],
  "getAllByPlaceholderText": [Function],
  "getAllByRole": [Function],
  "getAllByTestId": [Function],
  "getAllByText": [Function],
  "getAllByTitle": [Function],
  "getByAltText": [Function],
  "getByDisplayValue": [Function],
  "getByLabelText": [Function],
  "getByPlaceholderText": [Function],
  "getByRole": [Function],
  "getByTestId": [Function],
  "getByText": [Function],
  "getByTitle": [Function],
  "queryAllByAltText": [Function],
  "queryAllByDisplayValue": [Function],
  "queryAllByLabelText": [Function],
  "queryAllByPlaceholderText": [Function],
  "queryAllByRole": [Function],
  "queryAllByTestId": [Function],
  "queryAllByText": [Function],
  "queryAllByTitle": [Function],
  "queryByAltText": [Function],
  "queryByDisplayValue": [Function],
  "queryByLabelText": [Function],
  "queryByPlaceholderText": [Function],
  "queryByRole": [Function],
  "queryByTestId": [Function],
  "queryByText": [Function],
  "queryByTitle": [Function],
  "rerender": [Function],
  "unmount": [Function],
}
`;
