// Jest Snapshot v1, https://goo.gl/fbAQLP

exports[`Renders Settings should render Settings correctly 1`] = `
Object {
  "asFragment": [Function],
  "baseElement": <body
    dir="ltr"
  >
    <div>
      <div
        style="display: flex; justify-content: center; align-items: center; padding-top: 50px;"
      >
        <h3
          class="MuiTypography-root MuiTypography-h3"
        >
          <div
            style="display: flex; align-items: center; justify-items: center;"
          >
            <h6
              class="MuiTypography-root MuiTypography-h6"
              style="width: 300px; padding-top: 35px;"
            >
              select_country
            </h6>
            <div
              class="MuiFormControl-root MuiFormControl-fullWidth"
            >
              <label
                class="MuiFormLabel-root MuiInputLabel-root MuiInputLabel-formControl MuiInputLabel-animated MuiInputLabel-shrink MuiFormLabel-filled"
                data-shrink="true"
                id="demo-simple-select-label"
                style="width: 110px; padding-left: 5px;"
              >
                           
              </label>
              <div
                class="MuiInputBase-root MuiInput-root MuiInput-underline makeStyles-customSelect-1 MuiInputBase-formControl MuiInput-formControl"
                style="width: 165px; padding-top: 15px;"
              >
                <div
                  aria-haspopup="listbox"
                  aria-labelledby="demo-simple-select-label demo-simple-select"
                  class="MuiSelect-root MuiSelect-select MuiSelect-selectMenu MuiInputBase-input MuiInput-input"
                  id="demo-simple-select"
                  role="button"
                  tabindex="0"
                >
                  india
                </div>
                <input
                  aria-hidden="true"
                  class="MuiSelect-nativeInput"
                  tabindex="-1"
                  value="IN"
                />
                <svg
                  aria-hidden="true"
                  class="MuiSvgIcon-root MuiSelect-icon"
                  focusable="false"
                  viewBox="0 0 24 24"
                >
                  <path
                    d="M7 10l5 5 5-5z"
                  />
                </svg>
              </div>
            </div>
          </div>
          <div
            style="display: flex; justify-content: center;"
          >
            <h6
              class="MuiTypography-root MuiTypography-h6"
              style="width: 300px; padding-top: 35px;"
            >
              select_language
            </h6>
            <div
              class="MuiFormControl-root MuiFormControl-fullWidth"
            >
              <label
                class="MuiFormLabel-root MuiInputLabel-root MuiInputLabel-formControl MuiInputLabel-animated MuiInputLabel-shrink MuiFormLabel-filled"
                data-shrink="true"
                id="demo-simple-select-label"
                style="width: 110px; padding-left: 5px;"
              >
                           
              </label>
              <div
                class="MuiInputBase-root MuiInput-root MuiInput-underline makeStyles-customSelect-1 MuiInputBase-formControl MuiInput-formControl"
                style="width: 165px; padding-top: 15px;"
              >
                <div
                  aria-haspopup="listbox"
                  aria-labelledby="demo-simple-select-label demo-simple-select"
                  class="MuiSelect-root MuiSelect-select MuiSelect-selectMenu MuiInputBase-input MuiInput-input"
                  id="demo-simple-select"
                  role="button"
                  tabindex="0"
                >
                  english
                </div>
                <input
                  aria-hidden="true"
                  class="MuiSelect-nativeInput"
                  tabindex="-1"
                  value="en"
                />
                <svg
                  aria-hidden="true"
                  class="MuiSvgIcon-root MuiSelect-icon"
                  focusable="false"
                  viewBox="0 0 24 24"
                >
                  <path
                    d="M7 10l5 5 5-5z"
                  />
                </svg>
              </div>
            </div>
          </div>
        </h3>
      </div>
    </div>
  </body>,
  "container": <div>
    <div
      style="display: flex; justify-content: center; align-items: center; padding-top: 50px;"
    >
      <h3
        class="MuiTypography-root MuiTypography-h3"
      >
        <div
          style="display: flex; align-items: center; justify-items: center;"
        >
          <h6
            class="MuiTypography-root MuiTypography-h6"
            style="width: 300px; padding-top: 35px;"
          >
            select_country
          </h6>
          <div
            class="MuiFormControl-root MuiFormControl-fullWidth"
          >
            <label
              class="MuiFormLabel-root MuiInputLabel-root MuiInputLabel-formControl MuiInputLabel-animated MuiInputLabel-shrink MuiFormLabel-filled"
              data-shrink="true"
              id="demo-simple-select-label"
              style="width: 110px; padding-left: 5px;"
            >
                         
            </label>
            <div
              class="MuiInputBase-root MuiInput-root MuiInput-underline makeStyles-customSelect-1 MuiInputBase-formControl MuiInput-formControl"
              style="width: 165px; padding-top: 15px;"
            >
              <div
                aria-haspopup="listbox"
                aria-labelledby="demo-simple-select-label demo-simple-select"
                class="MuiSelect-root MuiSelect-select MuiSelect-selectMenu MuiInputBase-input MuiInput-input"
                id="demo-simple-select"
                role="button"
                tabindex="0"
              >
                india
              </div>
              <input
                aria-hidden="true"
                class="MuiSelect-nativeInput"
                tabindex="-1"
                value="IN"
              />
              <svg
                aria-hidden="true"
                class="MuiSvgIcon-root MuiSelect-icon"
                focusable="false"
                viewBox="0 0 24 24"
              >
                <path
                  d="M7 10l5 5 5-5z"
                />
              </svg>
            </div>
          </div>
        </div>
        <div
          style="display: flex; justify-content: center;"
        >
          <h6
            class="MuiTypography-root MuiTypography-h6"
            style="width: 300px; padding-top: 35px;"
          >
            select_language
          </h6>
          <div
            class="MuiFormControl-root MuiFormControl-fullWidth"
          >
            <label
              class="MuiFormLabel-root MuiInputLabel-root MuiInputLabel-formControl MuiInputLabel-animated MuiInputLabel-shrink MuiFormLabel-filled"
              data-shrink="true"
              id="demo-simple-select-label"
              style="width: 110px; padding-left: 5px;"
            >
                         
            </label>
            <div
              class="MuiInputBase-root MuiInput-root MuiInput-underline makeStyles-customSelect-1 MuiInputBase-formControl MuiInput-formControl"
              style="width: 165px; padding-top: 15px;"
            >
              <div
                aria-haspopup="listbox"
                aria-labelledby="demo-simple-select-label demo-simple-select"
                class="MuiSelect-root MuiSelect-select MuiSelect-selectMenu MuiInputBase-input MuiInput-input"
                id="demo-simple-select"
                role="button"
                tabindex="0"
              >
                english
              </div>
              <input
                aria-hidden="true"
                class="MuiSelect-nativeInput"
                tabindex="-1"
                value="en"
              />
              <svg
                aria-hidden="true"
                class="MuiSvgIcon-root MuiSelect-icon"
                focusable="false"
                viewBox="0 0 24 24"
              >
                <path
                  d="M7 10l5 5 5-5z"
                />
              </svg>
            </div>
          </div>
        </div>
      </h3>
    </div>
  </div>,
  "debug": [Function],
  "findAllByAltText": [Function],
  "findAllByDisplayValue": [Function],
  "findAllByLabelText": [Function],
  "findAllByPlaceholderText": [Function],
  "findAllByRole": [Function],
  "findAllByTestId": [Function],
  "findAllByText": [Function],
  "findAllByTitle": [Function],
  "findByAltText": [Function],
  "findByDisplayValue": [Function],
  "findByLabelText": [Function],
  "findByPlaceholderText": [Function],
  "findByRole": [Function],
  "findByTestId": [Function],
  "findByText": [Function],
  "findByTitle": [Function],
  "getAllByAltText": [Function],
  "getAllByDisplayValue": [Function],
  "getAllByLabelText": [Function],
  "getAllByPlaceholderText": [Function],
  "getAllByRole": [Function],
  "getAllByTestId": [Function],
  "getAllByText": [Function],
  "getAllByTitle": [Function],
  "getByAltText": [Function],
  "getByDisplayValue": [Function],
  "getByLabelText": [Function],
  "getByPlaceholderText": [Function],
  "getByRole": [Function],
  "getByTestId": [Function],
  "getByText": [Function],
  "getByTitle": [Function],
  "queryAllByAltText": [Function],
  "queryAllByDisplayValue": [Function],
  "queryAllByLabelText": [Function],
  "queryAllByPlaceholderText": [Function],
  "queryAllByRole": [Function],
  "queryAllByTestId": [Function],
  "queryAllByText": [Function],
  "queryAllByTitle": [Function],
  "queryByAltText": [Function],
  "queryByDisplayValue": [Function],
  "queryByLabelText": [Function],
  "queryByPlaceholderText": [Function],
  "queryByRole": [Function],
  "queryByTestId": [Function],
  "queryByText": [Function],
  "queryByTitle": [Function],
  "rerender": [Function],
  "unmount": [Function],
}
`;
