// Jest Snapshot v1, https://goo.gl/fbAQLP

exports[`Renders Header should render Header correctly 1`] = `
Object {
  "asFragment": [Function],
  "baseElement": <body>
    <div>
      <div
        class="fixed-header notify-msg"
      >
        <header
          class="MuiPaper-root MuiAppBar-root MuiAppBar-positionStatic MuiAppBar-colorPrimary header notify-active MuiPaper-elevation4"
        >
          <div
            class="main-container-wrapper"
          >
            <div
              class="MuiToolbar-root MuiToolbar-regular toolbar MuiToolbar-gutters"
            >
              <h1
                class="MuiTypography-root logo MuiTypography-h6"
                style="cursor: pointer;"
              >
                <img
                  alt="brand logo"
                  src="augment-logo.svg"
                  width="50px"
                />
              </h1>
              <div
                class="menuWrapper"
              >
                <div
                  class="menusList"
                >
                  <div
                    class="menuItemsList"
                  >
                    <div
                      class="header-msg"
                    >
                      <h5
                        class="MuiTypography-root MuiTypography-h5"
                      >
                        welcome_msg
                      </h5>
                    </div>
                  </div>
                  <div
                    style="display: flex; align-items: center;"
                  >
                    <p
                      class="MuiTypography-root MuiTypography-body1"
                    />
                    <span
                      style="align-items: center;"
                    >
                      <button
                        aria-haspopup="true"
                        class="MuiButtonBase-root MuiButton-root MuiButton-text makeStyles-userProfile-1"
                        tabindex="0"
                        type="button"
                      >
                        <span
                          class="MuiButton-label"
                        >
                          <div
                            class="MuiAvatar-root MuiAvatar-circular MuiAvatar-colorDefault"
                          >
                            <svg
                              aria-hidden="true"
                              class="MuiSvgIcon-root MuiAvatar-fallback"
                              focusable="false"
                              viewBox="0 0 24 24"
                            >
                              <path
                                d="M12 12c2.21 0 4-1.79 4-4s-1.79-4-4-4-4 1.79-4 4 1.79 4 4 4zm0 2c-2.67 0-8 1.34-8 4v2h16v-2c0-2.66-5.33-4-8-4z"
                              />
                            </svg>
                          </div>
                        </span>
                        <span
                          class="MuiTouchRipple-root"
                        />
                      </button>
                    </span>
                  </div>
                </div>
              </div>
            </div>
          </div>
        </header>
      </div>
    </div>
  </body>,
  "container": <div>
    <div
      class="fixed-header notify-msg"
    >
      <header
        class="MuiPaper-root MuiAppBar-root MuiAppBar-positionStatic MuiAppBar-colorPrimary header notify-active MuiPaper-elevation4"
      >
        <div
          class="main-container-wrapper"
        >
          <div
            class="MuiToolbar-root MuiToolbar-regular toolbar MuiToolbar-gutters"
          >
            <h1
              class="MuiTypography-root logo MuiTypography-h6"
              style="cursor: pointer;"
            >
              <img
                alt="brand logo"
                src="augment-logo.svg"
                width="50px"
              />
            </h1>
            <div
              class="menuWrapper"
            >
              <div
                class="menusList"
              >
                <div
                  class="menuItemsList"
                >
                  <div
                    class="header-msg"
                  >
                    <h5
                      class="MuiTypography-root MuiTypography-h5"
                    >
                      welcome_msg
                    </h5>
                  </div>
                </div>
                <div
                  style="display: flex; align-items: center;"
                >
                  <p
                    class="MuiTypography-root MuiTypography-body1"
                  />
                  <span
                    style="align-items: center;"
                  >
                    <button
                      aria-haspopup="true"
                      class="MuiButtonBase-root MuiButton-root MuiButton-text makeStyles-userProfile-1"
                      tabindex="0"
                      type="button"
                    >
                      <span
                        class="MuiButton-label"
                      >
                        <div
                          class="MuiAvatar-root MuiAvatar-circular MuiAvatar-colorDefault"
                        >
                          <svg
                            aria-hidden="true"
                            class="MuiSvgIcon-root MuiAvatar-fallback"
                            focusable="false"
                            viewBox="0 0 24 24"
                          >
                            <path
                              d="M12 12c2.21 0 4-1.79 4-4s-1.79-4-4-4-4 1.79-4 4 1.79 4 4 4zm0 2c-2.67 0-8 1.34-8 4v2h16v-2c0-2.66-5.33-4-8-4z"
                            />
                          </svg>
                        </div>
                      </span>
                      <span
                        class="MuiTouchRipple-root"
                      />
                    </button>
                  </span>
                </div>
              </div>
            </div>
          </div>
        </div>
      </header>
    </div>
  </div>,
  "debug": [Function],
  "findAllByAltText": [Function],
  "findAllByDisplayValue": [Function],
  "findAllByLabelText": [Function],
  "findAllByPlaceholderText": [Function],
  "findAllByRole": [Function],
  "findAllByTestId": [Function],
  "findAllByText": [Function],
  "findAllByTitle": [Function],
  "findByAltText": [Function],
  "findByDisplayValue": [Function],
  "findByLabelText": [Function],
  "findByPlaceholderText": [Function],
  "findByRole": [Function],
  "findByTestId": [Function],
  "findByText": [Function],
  "findByTitle": [Function],
  "getAllByAltText": [Function],
  "getAllByDisplayValue": [Function],
  "getAllByLabelText": [Function],
  "getAllByPlaceholderText": [Function],
  "getAllByRole": [Function],
  "getAllByTestId": [Function],
  "getAllByText": [Function],
  "getAllByTitle": [Function],
  "getByAltText": [Function],
  "getByDisplayValue": [Function],
  "getByLabelText": [Function],
  "getByPlaceholderText": [Function],
  "getByRole": [Function],
  "getByTestId": [Function],
  "getByText": [Function],
  "getByTitle": [Function],
  "queryAllByAltText": [Function],
  "queryAllByDisplayValue": [Function],
  "queryAllByLabelText": [Function],
  "queryAllByPlaceholderText": [Function],
  "queryAllByRole": [Function],
  "queryAllByTestId": [Function],
  "queryAllByText": [Function],
  "queryAllByTitle": [Function],
  "queryByAltText": [Function],
  "queryByDisplayValue": [Function],
  "queryByLabelText": [Function],
  "queryByPlaceholderText": [Function],
  "queryByRole": [Function],
  "queryByTestId": [Function],
  "queryByText": [Function],
  "queryByTitle": [Function],
  "rerender": [Function],
  "unmount": [Function],
}
`;
