// Jest Snapshot v1, https://goo.gl/fbAQLP

exports[`Renders CheckboxList should render CheckboxList correctly 1`] = `
Object {
  "asFragment": [Function],
  "baseElement": <body>
    <div>
      <div
        class="zakat-cal-step2"
      >
        <div
          class="MuiGrid-root makeStyles-gridContainer-1 MuiGrid-container MuiGrid-spacing-xs-2 MuiGrid-justify-content-xs-center"
        >
          <div
            class="MuiGrid-root inactive MuiGrid-item MuiGrid-grid-sm-4"
          >
            <label
              class="MuiFormControlLabel-root inactive"
            >
              <span
                aria-disabled="false"
                class="MuiButtonBase-root MuiIconButton-root PrivateSwitchBase-root-2 MuiCheckbox-root MuiCheckbox-colorSecondary MuiIconButton-colorSecondary"
              >
                <span
                  class="MuiIconButton-label"
                >
                  <input
                    class="PrivateSwitchBase-input-5"
                    data-indeterminate="false"
                    type="checkbox"
                    value="1"
                  />
                  <svg
                    aria-hidden="true"
                    class="MuiSvgIcon-root"
                    focusable="false"
                    viewBox="0 0 24 24"
                  >
                    <path
                      d="M12 2C6.48 2 2 6.48 2 12s4.48 10 10 10 10-4.48 10-10S17.52 2 12 2zm0 18c-4.42 0-8-3.58-8-8s3.58-8 8-8 8 3.58 8 8-3.58 8-8 8z"
                    />
                  </svg>
                </span>
                <span
                  class="MuiTouchRipple-root"
                />
              </span>
              <span
                class="MuiTypography-root MuiFormControlLabel-label MuiTypography-body1"
              >
                <div
                  class="custom-label"
                >
                  <img
                    alt="TEST TITLE 1"
                  />
                </div>
              </span>
            </label>
            <label
              style="display: flex; justify-content: center;"
            >
              TEST TITLE 1
            </label>
          </div>
          <div
            class="MuiGrid-root inactive MuiGrid-item MuiGrid-grid-sm-4"
          >
            <label
              class="MuiFormControlLabel-root inactive"
            >
              <span
                aria-disabled="false"
                class="MuiButtonBase-root MuiIconButton-root PrivateSwitchBase-root-2 MuiCheckbox-root MuiCheckbox-colorSecondary MuiIconButton-colorSecondary"
              >
                <span
                  class="MuiIconButton-label"
                >
                  <input
                    class="PrivateSwitchBase-input-5"
                    data-indeterminate="false"
                    type="checkbox"
                    value="2"
                  />
                  <svg
                    aria-hidden="true"
                    class="MuiSvgIcon-root"
                    focusable="false"
                    viewBox="0 0 24 24"
                  >
                    <path
                      d="M12 2C6.48 2 2 6.48 2 12s4.48 10 10 10 10-4.48 10-10S17.52 2 12 2zm0 18c-4.42 0-8-3.58-8-8s3.58-8 8-8 8 3.58 8 8-3.58 8-8 8z"
                    />
                  </svg>
                </span>
                <span
                  class="MuiTouchRipple-root"
                />
              </span>
              <span
                class="MuiTypography-root MuiFormControlLabel-label MuiTypography-body1"
              >
                <div
                  class="custom-label"
                >
                  <img
                    alt="TEST TITLE 2"
                  />
                </div>
              </span>
            </label>
            <label
              style="display: flex; justify-content: center;"
            >
              TEST TITLE 2
            </label>
          </div>
          <div
            class="MuiGrid-root inactive MuiGrid-item MuiGrid-grid-sm-4"
          >
            <label
              class="MuiFormControlLabel-root inactive"
            >
              <span
                aria-disabled="false"
                class="MuiButtonBase-root MuiIconButton-root PrivateSwitchBase-root-2 MuiCheckbox-root MuiCheckbox-colorSecondary MuiIconButton-colorSecondary"
              >
                <span
                  class="MuiIconButton-label"
                >
                  <input
                    class="PrivateSwitchBase-input-5"
                    data-indeterminate="false"
                    type="checkbox"
                    value="3"
                  />
                  <svg
                    aria-hidden="true"
                    class="MuiSvgIcon-root"
                    focusable="false"
                    viewBox="0 0 24 24"
                  >
                    <path
                      d="M12 2C6.48 2 2 6.48 2 12s4.48 10 10 10 10-4.48 10-10S17.52 2 12 2zm0 18c-4.42 0-8-3.58-8-8s3.58-8 8-8 8 3.58 8 8-3.58 8-8 8z"
                    />
                  </svg>
                </span>
                <span
                  class="MuiTouchRipple-root"
                />
              </span>
              <span
                class="MuiTypography-root MuiFormControlLabel-label MuiTypography-body1"
              >
                <div
                  class="custom-label"
                >
                  <img
                    alt="TEST TITLE 3"
                  />
                </div>
              </span>
            </label>
            <label
              style="display: flex; justify-content: center;"
            >
              TEST TITLE 3
            </label>
          </div>
        </div>
      </div>
    </div>
  </body>,
  "container": <div>
    <div
      class="zakat-cal-step2"
    >
      <div
        class="MuiGrid-root makeStyles-gridContainer-1 MuiGrid-container MuiGrid-spacing-xs-2 MuiGrid-justify-content-xs-center"
      >
        <div
          class="MuiGrid-root inactive MuiGrid-item MuiGrid-grid-sm-4"
        >
          <label
            class="MuiFormControlLabel-root inactive"
          >
            <span
              aria-disabled="false"
              class="MuiButtonBase-root MuiIconButton-root PrivateSwitchBase-root-2 MuiCheckbox-root MuiCheckbox-colorSecondary MuiIconButton-colorSecondary"
            >
              <span
                class="MuiIconButton-label"
              >
                <input
                  class="PrivateSwitchBase-input-5"
                  data-indeterminate="false"
                  type="checkbox"
                  value="1"
                />
                <svg
                  aria-hidden="true"
                  class="MuiSvgIcon-root"
                  focusable="false"
                  viewBox="0 0 24 24"
                >
                  <path
                    d="M12 2C6.48 2 2 6.48 2 12s4.48 10 10 10 10-4.48 10-10S17.52 2 12 2zm0 18c-4.42 0-8-3.58-8-8s3.58-8 8-8 8 3.58 8 8-3.58 8-8 8z"
                  />
                </svg>
              </span>
              <span
                class="MuiTouchRipple-root"
              />
            </span>
            <span
              class="MuiTypography-root MuiFormControlLabel-label MuiTypography-body1"
            >
              <div
                class="custom-label"
              >
                <img
                  alt="TEST TITLE 1"
                />
              </div>
            </span>
          </label>
          <label
            style="display: flex; justify-content: center;"
          >
            TEST TITLE 1
          </label>
        </div>
        <div
          class="MuiGrid-root inactive MuiGrid-item MuiGrid-grid-sm-4"
        >
          <label
            class="MuiFormControlLabel-root inactive"
          >
            <span
              aria-disabled="false"
              class="MuiButtonBase-root MuiIconButton-root PrivateSwitchBase-root-2 MuiCheckbox-root MuiCheckbox-colorSecondary MuiIconButton-colorSecondary"
            >
              <span
                class="MuiIconButton-label"
              >
                <input
                  class="PrivateSwitchBase-input-5"
                  data-indeterminate="false"
                  type="checkbox"
                  value="2"
                />
                <svg
                  aria-hidden="true"
                  class="MuiSvgIcon-root"
                  focusable="false"
                  viewBox="0 0 24 24"
                >
                  <path
                    d="M12 2C6.48 2 2 6.48 2 12s4.48 10 10 10 10-4.48 10-10S17.52 2 12 2zm0 18c-4.42 0-8-3.58-8-8s3.58-8 8-8 8 3.58 8 8-3.58 8-8 8z"
                  />
                </svg>
              </span>
              <span
                class="MuiTouchRipple-root"
              />
            </span>
            <span
              class="MuiTypography-root MuiFormControlLabel-label MuiTypography-body1"
            >
              <div
                class="custom-label"
              >
                <img
                  alt="TEST TITLE 2"
                />
              </div>
            </span>
          </label>
          <label
            style="display: flex; justify-content: center;"
          >
            TEST TITLE 2
          </label>
        </div>
        <div
          class="MuiGrid-root inactive MuiGrid-item MuiGrid-grid-sm-4"
        >
          <label
            class="MuiFormControlLabel-root inactive"
          >
            <span
              aria-disabled="false"
              class="MuiButtonBase-root MuiIconButton-root PrivateSwitchBase-root-2 MuiCheckbox-root MuiCheckbox-colorSecondary MuiIconButton-colorSecondary"
            >
              <span
                class="MuiIconButton-label"
              >
                <input
                  class="PrivateSwitchBase-input-5"
                  data-indeterminate="false"
                  type="checkbox"
                  value="3"
                />
                <svg
                  aria-hidden="true"
                  class="MuiSvgIcon-root"
                  focusable="false"
                  viewBox="0 0 24 24"
                >
                  <path
                    d="M12 2C6.48 2 2 6.48 2 12s4.48 10 10 10 10-4.48 10-10S17.52 2 12 2zm0 18c-4.42 0-8-3.58-8-8s3.58-8 8-8 8 3.58 8 8-3.58 8-8 8z"
                  />
                </svg>
              </span>
              <span
                class="MuiTouchRipple-root"
              />
            </span>
            <span
              class="MuiTypography-root MuiFormControlLabel-label MuiTypography-body1"
            >
              <div
                class="custom-label"
              >
                <img
                  alt="TEST TITLE 3"
                />
              </div>
            </span>
          </label>
          <label
            style="display: flex; justify-content: center;"
          >
            TEST TITLE 3
          </label>
        </div>
      </div>
    </div>
  </div>,
  "debug": [Function],
  "findAllByAltText": [Function],
  "findAllByDisplayValue": [Function],
  "findAllByLabelText": [Function],
  "findAllByPlaceholderText": [Function],
  "findAllByRole": [Function],
  "findAllByTestId": [Function],
  "findAllByText": [Function],
  "findAllByTitle": [Function],
  "findByAltText": [Function],
  "findByDisplayValue": [Function],
  "findByLabelText": [Function],
  "findByPlaceholderText": [Function],
  "findByRole": [Function],
  "findByTestId": [Function],
  "findByText": [Function],
  "findByTitle": [Function],
  "getAllByAltText": [Function],
  "getAllByDisplayValue": [Function],
  "getAllByLabelText": [Function],
  "getAllByPlaceholderText": [Function],
  "getAllByRole": [Function],
  "getAllByTestId": [Function],
  "getAllByText": [Function],
  "getAllByTitle": [Function],
  "getByAltText": [Function],
  "getByDisplayValue": [Function],
  "getByLabelText": [Function],
  "getByPlaceholderText": [Function],
  "getByRole": [Function],
  "getByTestId": [Function],
  "getByText": [Function],
  "getByTitle": [Function],
  "queryAllByAltText": [Function],
  "queryAllByDisplayValue": [Function],
  "queryAllByLabelText": [Function],
  "queryAllByPlaceholderText": [Function],
  "queryAllByRole": [Function],
  "queryAllByTestId": [Function],
  "queryAllByText": [Function],
  "queryAllByTitle": [Function],
  "queryByAltText": [Function],
  "queryByDisplayValue": [Function],
  "queryByLabelText": [Function],
  "queryByPlaceholderText": [Function],
  "queryByRole": [Function],
  "queryByTestId": [Function],
  "queryByText": [Function],
  "queryByTitle": [Function],
  "rerender": [Function],
  "unmount": [Function],
}
`;
