// Jest Snapshot v1, https://goo.gl/fbAQLP

exports[`Renders Select should render Select correctly 1`] = `
Object {
  "asFragment": [Function],
  "baseElement": <body>
    <div>
      <div
        class="MuiFormControl-root MuiFormControl-fullWidth"
      >
        <label
          class="MuiFormLabel-root MuiInputLabel-root MuiInputLabel-formControl MuiInputLabel-animated"
          data-shrink="false"
          id="demo-simple-select-label"
          style="width: 340px; padding-left: 5px;"
        >
          Dropdown options to be select from
        </label>
        <div
          class="MuiInputBase-root MuiFilledInput-root MuiFilledInput-underline makeStyles-customSelect-1 MuiInputBase-formControl"
          style="width: 510px; padding-top: 15px;"
        >
          <div
            aria-haspopup="listbox"
            aria-labelledby="demo-simple-select-label demo-simple-select"
            class="MuiSelect-root MuiSelect-select MuiSelect-selectMenu MuiSelect-filled MuiInputBase-input MuiFilledInput-input"
            id="demo-simple-select"
            role="button"
            tabindex="0"
          >
            <span>
              ​
            </span>
          </div>
          <input
            aria-hidden="true"
            class="MuiSelect-nativeInput"
            tabindex="-1"
            value=""
          />
          <svg
            aria-hidden="true"
            class="MuiSvgIcon-root MuiSelect-icon MuiSelect-iconFilled"
            focusable="false"
            viewBox="0 0 24 24"
          >
            <path
              d="M7 10l5 5 5-5z"
            />
          </svg>
        </div>
      </div>
    </div>
  </body>,
  "container": <div>
    <div
      class="MuiFormControl-root MuiFormControl-fullWidth"
    >
      <label
        class="MuiFormLabel-root MuiInputLabel-root MuiInputLabel-formControl MuiInputLabel-animated"
        data-shrink="false"
        id="demo-simple-select-label"
        style="width: 340px; padding-left: 5px;"
      >
        Dropdown options to be select from
      </label>
      <div
        class="MuiInputBase-root MuiFilledInput-root MuiFilledInput-underline makeStyles-customSelect-1 MuiInputBase-formControl"
        style="width: 510px; padding-top: 15px;"
      >
        <div
          aria-haspopup="listbox"
          aria-labelledby="demo-simple-select-label demo-simple-select"
          class="MuiSelect-root MuiSelect-select MuiSelect-selectMenu MuiSelect-filled MuiInputBase-input MuiFilledInput-input"
          id="demo-simple-select"
          role="button"
          tabindex="0"
        >
          <span>
            ​
          </span>
        </div>
        <input
          aria-hidden="true"
          class="MuiSelect-nativeInput"
          tabindex="-1"
          value=""
        />
        <svg
          aria-hidden="true"
          class="MuiSvgIcon-root MuiSelect-icon MuiSelect-iconFilled"
          focusable="false"
          viewBox="0 0 24 24"
        >
          <path
            d="M7 10l5 5 5-5z"
          />
        </svg>
      </div>
    </div>
  </div>,
  "debug": [Function],
  "findAllByAltText": [Function],
  "findAllByDisplayValue": [Function],
  "findAllByLabelText": [Function],
  "findAllByPlaceholderText": [Function],
  "findAllByRole": [Function],
  "findAllByTestId": [Function],
  "findAllByText": [Function],
  "findAllByTitle": [Function],
  "findByAltText": [Function],
  "findByDisplayValue": [Function],
  "findByLabelText": [Function],
  "findByPlaceholderText": [Function],
  "findByRole": [Function],
  "findByTestId": [Function],
  "findByText": [Function],
  "findByTitle": [Function],
  "getAllByAltText": [Function],
  "getAllByDisplayValue": [Function],
  "getAllByLabelText": [Function],
  "getAllByPlaceholderText": [Function],
  "getAllByRole": [Function],
  "getAllByTestId": [Function],
  "getAllByText": [Function],
  "getAllByTitle": [Function],
  "getByAltText": [Function],
  "getByDisplayValue": [Function],
  "getByLabelText": [Function],
  "getByPlaceholderText": [Function],
  "getByRole": [Function],
  "getByTestId": [Function],
  "getByText": [Function],
  "getByTitle": [Function],
  "queryAllByAltText": [Function],
  "queryAllByDisplayValue": [Function],
  "queryAllByLabelText": [Function],
  "queryAllByPlaceholderText": [Function],
  "queryAllByRole": [Function],
  "queryAllByTestId": [Function],
  "queryAllByText": [Function],
  "queryAllByTitle": [Function],
  "queryByAltText": [Function],
  "queryByDisplayValue": [Function],
  "queryByLabelText": [Function],
  "queryByPlaceholderText": [Function],
  "queryByRole": [Function],
  "queryByTestId": [Function],
  "queryByText": [Function],
  "queryByTitle": [Function],
  "rerender": [Function],
  "unmount": [Function],
}
`;
