// Jest Snapshot v1, https://goo.gl/fbAQLP

exports[`Renders Toggle should render Toggle correctly 1`] = `
Object {
  "asFragment": [Function],
  "baseElement": <body>
    <div>
      <div
        style="display: flex; flex-direction: row;"
      >
        <span
          class="MuiSwitch-root makeStyles-switchRoot-22"
        >
          <span
            aria-disabled="false"
            class="MuiButtonBase-root MuiIconButton-root PrivateSwitchBase-root-30 MuiSwitch-switchBase makeStyles-switchBase-23 MuiSwitch-colorSecondary PrivateSwitchBase-checked-31 Mui-checked makeStyles-checked-26"
          >
            <span
              class="MuiIconButton-label"
            >
              <input
                checked=""
                class="PrivateSwitchBase-input-33 MuiSwitch-input"
                type="checkbox"
                value=""
              />
              <span
                class="MuiSwitch-thumb makeStyles-thumb-24"
              />
            </span>
            <span
              class="MuiTouchRipple-root"
            />
          </span>
          <span
            class="MuiSwitch-track makeStyles-track-25"
          />
        </span>
        <p
          class="MuiTypography-root MuiTypography-body1"
          style="padding-left: 2px;"
        >
          ON
        </p>
      </div>
    </div>
  </body>,
  "container": <div>
    <div
      style="display: flex; flex-direction: row;"
    >
      <span
        class="MuiSwitch-root makeStyles-switchRoot-22"
      >
        <span
          aria-disabled="false"
          class="MuiButtonBase-root MuiIconButton-root PrivateSwitchBase-root-30 MuiSwitch-switchBase makeStyles-switchBase-23 MuiSwitch-colorSecondary PrivateSwitchBase-checked-31 Mui-checked makeStyles-checked-26"
        >
          <span
            class="MuiIconButton-label"
          >
            <input
              checked=""
              class="PrivateSwitchBase-input-33 MuiSwitch-input"
              type="checkbox"
              value=""
            />
            <span
              class="MuiSwitch-thumb makeStyles-thumb-24"
            />
          </span>
          <span
            class="MuiTouchRipple-root"
          />
        </span>
        <span
          class="MuiSwitch-track makeStyles-track-25"
        />
      </span>
      <p
        class="MuiTypography-root MuiTypography-body1"
        style="padding-left: 2px;"
      >
        ON
      </p>
    </div>
  </div>,
  "debug": [Function],
  "findAllByAltText": [Function],
  "findAllByDisplayValue": [Function],
  "findAllByLabelText": [Function],
  "findAllByPlaceholderText": [Function],
  "findAllByRole": [Function],
  "findAllByTestId": [Function],
  "findAllByText": [Function],
  "findAllByTitle": [Function],
  "findByAltText": [Function],
  "findByDisplayValue": [Function],
  "findByLabelText": [Function],
  "findByPlaceholderText": [Function],
  "findByRole": [Function],
  "findByTestId": [Function],
  "findByText": [Function],
  "findByTitle": [Function],
  "getAllByAltText": [Function],
  "getAllByDisplayValue": [Function],
  "getAllByLabelText": [Function],
  "getAllByPlaceholderText": [Function],
  "getAllByRole": [Function],
  "getAllByTestId": [Function],
  "getAllByText": [Function],
  "getAllByTitle": [Function],
  "getByAltText": [Function],
  "getByDisplayValue": [Function],
  "getByLabelText": [Function],
  "getByPlaceholderText": [Function],
  "getByRole": [Function],
  "getByTestId": [Function],
  "getByText": [Function],
  "getByTitle": [Function],
  "queryAllByAltText": [Function],
  "queryAllByDisplayValue": [Function],
  "queryAllByLabelText": [Function],
  "queryAllByPlaceholderText": [Function],
  "queryAllByRole": [Function],
  "queryAllByTestId": [Function],
  "queryAllByText": [Function],
  "queryAllByTitle": [Function],
  "queryByAltText": [Function],
  "queryByDisplayValue": [Function],
  "queryByLabelText": [Function],
  "queryByPlaceholderText": [Function],
  "queryByRole": [Function],
  "queryByTestId": [Function],
  "queryByText": [Function],
  "queryByTitle": [Function],
  "rerender": [Function],
  "unmount": [Function],
}
`;
